Export time: 2026/09/17 09:26:50 COT
Export duration: 44.522s

Export settings:
	Export Geometry: Models with Shape Fallback
	Output Path: C:\Users\Usuario\Downloads\fachadas
	Simplify Terrain Meshes: true
	Terrain Layers: Export all selected terrain layers
	Terrain Mesh Resolution: [ 1024, 1024 ]
	applicationName: CityEngine
	applicationString: CityEngine 2026.0.12206 0612R
	applicationVendor: Esri R&D Center Zurich Inc.
	applicationVersion: 2026.0.12206 06122145
	atlasAddWrapBorder: true
	author: Usuario
	baseName: metrocable
	collectTextures: true
	createShapeGroups: false
	createTextureAtlases: false
	embedTextures: false
	encoderID: com.esri.prt.codecs.FBXEncoder
	encoderName: Autodesk FBX
	errorFallback: true
	existingFiles: OVERWRITE
	facesWithHoles: TRIANGULATE_FACES_WITH_HOLES
	fileGranularity: MEMORY_BUDGET
	fileType: BINARY
	globalOffset: [ -594213.7362213135, -2649.288818359375, 503031.2189941406 ]
	includeMaterials: true
	localOffset: NONE
	maxAtlasDim: 11
	memoryBudget: 500
	mergeNormals: true
	mergeTexcoords: true
	mergeVertices: true
	meshGranularity: INSTANCED
	normalPrecision: 0.001
	normalsIndexing: INDEXED
	outputPath: 
	sceneFile: /CityEngine_Tour/scenes/metrocable.cej
	script: 
	shapeNameDelimiter: _
	tempPath: 
	texcoordPrecision: 1.0E-4
	textureCoordinates: ALL
	triangulateMeshes: false
	vertexNormals: NONE
	vertexPrecision: 0.001
	writeLog: true

Initial shapes:
	  0 :   OK                'Shape'             OID 'a9c33b14-3b25-11b4-bb4e-0012b3857a5f'
	  1 :   OK                'Shape'             OID 'a9c3c23c-3b25-11b4-bb4e-0012b3857a5f'
	  2 :   OK                'Shape'             OID 'a9c42128-3b25-11b4-bb4e-0012b3857a5f'
	  3 :   OK                'Shape'             OID 'a9c47e84-3b25-11b4-bb4e-0012b3857a5f'
	  4 :   OK                'Shape'             OID 'a9c4d280-3b25-11b4-bb4e-0012b3857a5f'
	  5 :   OK                'Shape'             OID 'a9c52294-3b25-11b4-bb4e-0012b3857a5f'
	  6 :   OK                'Shape'             OID 'a9c5bed4-3b25-11b4-bb4e-0012b3857a5f'
	  7 :   OK                'Shape'             OID 'a9c61c94-3b25-11b4-bb4e-0012b3857a5f'
	  8 :   OK                'Shape'             OID 'a9c67478-3b25-11b4-bb4e-0012b3857a5f'
	  9 :   OK                'Shape'             OID 'a9c6e430-3b25-11b4-bb4e-0012b3857a5f'
	 10 :   OK                'Shape'             OID 'a9c7369c-3b25-11b4-bb4e-0012b3857a5f'
	 11 :   OK                'Shape'             OID 'a9c77f44-3b25-11b4-bb4e-0012b3857a5f'
	 12 :   OK                'Shape'             OID 'a9c7caa8-3b25-11b4-bb4e-0012b3857a5f'
	 13 :   OK                'Shape'             OID 'a9c8a248-3b25-11b4-bb4e-0012b3857a5f'
	 14 :   OK                'Shape'             OID 'a9c91e1c-3b25-11b4-bb4e-0012b3857a5f'
	 15 :   OK                'Shape'             OID 'a9c96bd8-3b25-11b4-bb4e-0012b3857a5f'
	 16 :   OK                'Shape'             OID 'a9c9bde0-3b25-11b4-bb4e-0012b3857a5f'
	 17 :   OK                'Shape'             OID 'a9ca08e0-3b25-11b4-bb4e-0012b3857a5f'
	 18 :   OK                'Shape'             OID 'a9ca4ecc-3b25-11b4-bb4e-0012b3857a5f'
	 19 :   OK                'Shape'             OID 'a9ca9e7c-3b25-11b4-bb4e-0012b3857a5f'
	 20 :   OK                'Shape'             OID 'a9cc25e4-3b25-11b4-bb4e-0012b3857a5f'
	 21 :   OK                'Shape'             OID 'a9cc7d64-3b25-11b4-bb4e-0012b3857a5f'
	 22 :   OK                'Shape'             OID 'a9ccd3b8-3b25-11b4-bb4e-0012b3857a5f'
	 23 :   OK                'Shape'             OID 'a9cd1eb8-3b25-11b4-bb4e-0012b3857a5f'
	 24 :   OK                'Shape'             OID 'a9cd6c74-3b25-11b4-bb4e-0012b3857a5f'
	 25 :   OK                'Shape'             OID '58579740-3b28-11b4-bb4e-0012b3857a5f'
	 26 :   OK                'Shape'             OID '58585edc-3b28-11b4-bb4e-0012b3857a5f'
	 27 :   OK                'Shape'             OID '5858bc38-3b28-11b4-bb4e-0012b3857a5f'
	 28 :   OK                'Shape'             OID '58591228-3b28-11b4-bb4e-0012b3857a5f'
	 29 :   OK                'Shape'             OID '585962a0-3b28-11b4-bb4e-0012b3857a5f'
	 30 :   OK                'Shape'             OID '5859b188-3b28-11b4-bb4e-0012b3857a5f'
	 31 :   OK                'Shape'             OID '26e80644-3b29-11b4-bb4e-0012b3857a5f'
	 32 :   OK                'Shape'             OID '26ea0854-3b29-11b4-bb4e-0012b3857a5f'
	 33 :   OK                'Shape'             OID '26ead7c0-3b29-11b4-bb4e-0012b3857a5f'
	 34 :   OK                'Shape'             OID '26eb34b8-3b29-11b4-bb4e-0012b3857a5f'
	 35 :   OK                'Shape'             OID '62877e54-3b2a-11b4-bb4e-0012b3857a5f'
	 36 :   OK                'Shape'             OID '62884b04-3b2a-11b4-bb4e-0012b3857a5f'
	 37 :   OK                'Shape'             OID '6288921c-3b2a-11b4-bb4e-0012b3857a5f'
	 38 :   OK                'Shape'             OID 'e7e54418-3b2b-11b4-bb4e-0012b3857a5f'
	 39 :   OK                'Shape'             OID 'e7e5a0ac-3b2b-11b4-bb4e-0012b3857a5f'
	 40 :   OK                'Shape'             OID 'e7e60bb4-3b2b-11b4-bb4e-0012b3857a5f'
	 41 :   OK                'Shape'             OID 'e7e67b6c-3b2b-11b4-bb4e-0012b3857a5f'
	 42 :   OK                'Shape'             OID 'e7e6ccac-3b2b-11b4-bb4e-0012b3857a5f'
	 43 :   OK                'Shape'             OID 'e7e73ad4-3b2b-11b4-bb4e-0012b3857a5f'
	 44 :   OK                'Shape'             OID '4863e208-3b2d-11b4-bb4e-0012b3857a5f'
	 45 :   OK                'Shape'             OID '48644860-3b2d-11b4-bb4e-0012b3857a5f'
	 46 :   OK                'Shape'             OID 'f12bb654-3b2d-11b4-bb4e-0012b3857a5f'
	 47 :   OK                'Shape'             OID 'f12da9f0-3b2d-11b4-bb4e-0012b3857a5f'
	 48 :   OK                'Shape'             OID 'f12e2628-3b2d-11b4-bb4e-0012b3857a5f'
	 49 :   OK                'Shape'             OID 'f12e8578-3b2d-11b4-bb4e-0012b3857a5f'
	 50 :   OK                'Shape'             OID 'ad881b6c-3b2e-11b4-bb4e-0012b3857a5f'
	 51 :   OK                'Shape'             OID 'ad899b04-3b2e-11b4-bb4e-0012b3857a5f'
	 52 :   OK                'Shape'             OID 'ad8a42fc-3b2e-11b4-bb4e-0012b3857a5f'
	 53 :   OK                'Shape'             OID 'ad8ab444-3b2e-11b4-bb4e-0012b3857a5f'
	 54 :   OK                'Shape'             OID 'ddfe84d8-3b2f-11b4-bb4e-0012b3857a5f'
	 55 :   OK                'Shape'             OID 'de0020f4-3b2f-11b4-bb4e-0012b3857a5f'
	 56 :   OK                'Shape'             OID 'de009ad4-3b2f-11b4-bb4e-0012b3857a5f'
	 57 :   OK                'Shape'             OID 'de01a794-3b2f-11b4-bb4e-0012b3857a5f'
	 58 :   OK                'Shape'             OID 'de01f7a8-3b2f-11b4-bb4e-0012b3857a5f'
	 59 :   OK                'Shape'             OID 'de0249b0-3b2f-11b4-bb4e-0012b3857a5f'
	 60 :   OK                'Shape'             OID 'de0296a4-3b2f-11b4-bb4e-0012b3857a5f'
	 61 :   OK                'Shape'             OID 'adcef57c-3cc9-11b4-bb4e-0012b3857a5f'
	 62 :   OK                'Shape'             OID 'adcf6d04-3cc9-11b4-bb4e-0012b3857a5f'
	 63 :   OK                'Shape'             OID 'adcfd618-3cc9-11b4-bb4e-0012b3857a5f'
	 64 :   OK                'Shape'             OID 'add04f94-3cc9-11b4-bb4e-0012b3857a5f'
	 65 :   OK                'Shape'             OID 'add0cbcc-3cc9-11b4-bb4e-0012b3857a5f'
	 66 :   OK                'Shape'             OID 'add15420-3cc9-11b4-bb4e-0012b3857a5f'
	 67 :   OK                'Shape'             OID 'add1dda0-3cc9-11b4-bb4e-0012b3857a5f'
	 68 :   OK                'Shape'             OID 'add28ca0-3cc9-11b4-bb4e-0012b3857a5f'
	 69 :   OK                'Shape'             OID 'add2feb0-3cc9-11b4-bb4e-0012b3857a5f'
	 70 :   OK                'Shape'             OID 'add377c8-3cc9-11b4-bb4e-0012b3857a5f'
	 71 :   OK                'Shape'             OID 'add3e974-3cc9-11b4-bb4e-0012b3857a5f'
	 72 :   OK                'Shape'             OID 'ae370f18-3cc9-11b4-bb4e-0012b3857a5f'
	 73 :   OK                'Shape'             OID 'ae377570-3cc9-11b4-bb4e-0012b3857a5f'
	 74 :   OK                'Shape'             OID 'ae37e848-3cc9-11b4-bb4e-0012b3857a5f'
	 75 :   OK                'Shape'             OID 'ae3848c4-3cc9-11b4-bb4e-0012b3857a5f'
	 76 :   OK                'Shape'             OID 'ae880030-3cc9-11b4-bb4e-0012b3857a5f'
	 77 :   OK                'Shape'             OID 'ae8c32cc-3cc9-11b4-bb4e-0012b3857a5f'
	 78 :   OK                'Shape'             OID 'ae8d0558-3cc9-11b4-bb4e-0012b3857a5f'
	 79 :   OK                'Shape'             OID 'af14c8d0-3cc9-11b4-bb4e-0012b3857a5f'
	 80 :   OK                'Shape'             OID 'af153f90-3cc9-11b4-bb4e-0012b3857a5f'
	 81 :   OK                'Shape'             OID 'af15b650-3cc9-11b4-bb4e-0012b3857a5f'
	 82 :   OK                'Shape'             OID 'af1629f0-3cc9-11b4-bb4e-0012b3857a5f'
	 83 :   OK                'Shape'             OID 'af16a3d0-3cc9-11b4-bb4e-0012b3857a5f'
	 84 :   OK                'Shape'             OID 'af174a9c-3cc9-11b4-bb4e-0012b3857a5f'
	 85 :   OK                'Shape'             OID 'af17d548-3cc9-11b4-bb4e-0012b3857a5f'
	 86 :   OK                'Shape'             OID 'af187764-3cc9-11b4-bb4e-0012b3857a5f'
	 87 :   OK                'Shape'             OID 'af18ec94-3cc9-11b4-bb4e-0012b3857a5f'
	 88 :   OK                'Shape'             OID 'af195f6c-3cc9-11b4-bb4e-0012b3857a5f'
	 89 :   OK                'Shape'             OID 'af19dba4-3cc9-11b4-bb4e-0012b3857a5f'
	 90 :   OK                'Shape'             OID 'af1a4968-3cc9-11b4-bb4e-0012b3857a5f'
	 91 :   OK                'Shape'             OID 'af2d9dd8-3cc9-11b4-bb4e-0012b3857a5f'
	 92 :   OK                'Shape'             OID 'af2e0fe8-3cc9-11b4-bb4e-0012b3857a5f'
	 93 :   OK                'Shape'             OID 'af4dc644-3cc9-11b4-bb4e-0012b3857a5f'
	 94 :   OK                'Shape'             OID 'af4fac98-3cc9-11b4-bb4e-0012b3857a5f'
	 95 :   OK                'Shape'             OID 'af503104-3cc9-11b4-bb4e-0012b3857a5f'
	 96 :   OK                'Shape'             OID 'af50b2b4-3cc9-11b4-bb4e-0012b3857a5f'
	 97 :   OK                'Shape'             OID 'af512654-3cc9-11b4-bb4e-0012b3857a5f'
	 98 :   OK                'Shape'             OID 'af5192ec-3cc9-11b4-bb4e-0012b3857a5f'
	 99 :   OK                'Shape'             OID 'b037de64-3cc9-11b4-bb4e-0012b3857a5f'
	100 :   OK                'Shape'             OID 'b0386208-3cc9-11b4-bb4e-0012b3857a5f'
	101 :   OK                'Shape'             OID 'b038d60c-3cc9-11b4-bb4e-0012b3857a5f'
	102 :   OK                'Shape'             OID 'b03990c4-3cc9-11b4-bb4e-0012b3857a5f'
	103 :   OK                'Shape'             OID 'b03a359c-3cc9-11b4-bb4e-0012b3857a5f'
	104 :   OK                'Shape'             OID 'b03aaa04-3cc9-11b4-bb4e-0012b3857a5f'
	105 :   OK                'Shape'             OID 'b03b1f34-3cc9-11b4-bb4e-0012b3857a5f'
	106 :   OK                'Shape'             OID 'b03b9270-3cc9-11b4-bb4e-0012b3857a5f'
	107 :   OK                'Shape'             OID 'b03c00fc-3cc9-11b4-bb4e-0012b3857a5f'
	108 :   OK                'Shape'             OID 'b03c6b3c-3cc9-11b4-bb4e-0012b3857a5f'
	109 :   OK                'Shape'             OID 'b03cd324-3cc9-11b4-bb4e-0012b3857a5f'
	110 :   OK                'Shape'             OID 'b03d414c-3cc9-11b4-bb4e-0012b3857a5f'
	111 :   OK                'Shape'             OID 'b03db104-3cc9-11b4-bb4e-0012b3857a5f'
	112 :   OK                'Shape'             OID 'b03e3124-3cc9-11b4-bb4e-0012b3857a5f'
	113 :   OK                'Shape'             OID 'b03ec3a0-3cc9-11b4-bb4e-0012b3857a5f'
	114 :   OK                'Shape'             OID 'b03f52fc-3cc9-11b4-bb4e-0012b3857a5f'
	115 :   OK                'Shape'             OID 'b03fbe04-3cc9-11b4-bb4e-0012b3857a5f'
	116 :   OK                'Shape'             OID 'b0402a9c-3cc9-11b4-bb4e-0012b3857a5f'
	117 :   OK                'Shape'             OID 'b04098c4-3cc9-11b4-bb4e-0012b3857a5f'
	118 :   OK                'Shape'             OID 'b0410494-3cc9-11b4-bb4e-0012b3857a5f'
	119 :   OK                'Shape'             OID 'b0417000-3cc9-11b4-bb4e-0012b3857a5f'
	120 :   OK                'Shape'             OID 'b041d590-3cc9-11b4-bb4e-0012b3857a5f'
	121 :   OK                'Shape'             OID 'b0423d14-3cc9-11b4-bb4e-0012b3857a5f'
	122 :   OK                'Shape'             OID 'b04edf10-3cc9-11b4-bb4e-0012b3857a5f'
	123 :   OK                'Shape'             OID 'b050cd34-3cc9-11b4-bb4e-0012b3857a5f'
	124 :   OK                'Shape'             OID 'b0514d54-3cc9-11b4-bb4e-0012b3857a5f'
	125 :   OK                'Shape'             OID 'e179970c-3cfa-11b4-bb4e-0012b3857a5f'
		CGA Warnings:
			[Method: 'Default$ScatterUniform'] scatter(): Processor::scatter(): number of points is zero, aborting execution.
	126 :   OK                'Shape'             OID '419e4ccc-3d0a-11b4-bb4e-0012b3857a5f'



Files created:
	'metrocable_0.fbx':
		Initial shapes:
			0, 1, 2, 3, 4, 5, 6, 7, 8, 9, 10, 11, 12, 13, 14, 15, 16, 17, 18, 19, 20, 21, 22, 23, 24, 25, 26, 27, 28, 29, 30, 31, 32, 33, 34, 35, 36, 37, 38, 39, 40, 41, 42, 43, 44, 45, 46, 47, 48, 49, 50, 51, 52, 53, 54, 55, 56, 57, 58, 59, 60, 61, 62, 63, 64, 65, 66, 67, 68, 69, 70, 71, 72, 73, 74, 75, 76, 77, 78, 79, 80, 81, 82, 83, 84, 85, 86, 87, 88, 89, 90, 91, 92, 93, 94, 95, 96, 97, 98, 99, 100, 101, 102, 103, 104, 105, 106, 107, 108, 109, 110, 111, 112, 113, 114, 115, 116, 117, 118, 119, 120, 121, 122, 123, 124, 125, 126, 
		GEOMETRY:
			Total Meshes: 121
			Total Polygons: 42704
			    | Name                               | Instance Occurrences | Material                       | Polygons 
			====+====================================+======================+================================+==========
			  1  'American_Chestnut__Realistic_LOD3'                      7  'material_mat(7),'                    3444 
			  2  'Red_Hickory__Realistic_LOD3'                           23  'material_1_mat(23),'                 2636 
			  3  'Southern_Magnolia__Realistic_LOD3'                     12  'material_2_mat(12),'                 2824 
			  4  'Sugar_Maple__Realistic_LOD3'                           18  'material_3_mat(18),'                 3154 
			  5  'Northern_Red_Oak__Realistic_LOD2'                       7  'material_4_mat(7),'                   608 
			  6  'Scots_Pine__Realistic_LOD3'                            52  'material_5_mat(52),'                 2508 
			  7  'Douglas_Fir__Realistic_LOD3'                           12  'material_6_mat(12),'                 2848 
			  8  'Lodgepole_Pine__Realistic_LOD3'                        14  'material_7_mat(14),'                 3520 
			  9  'California_Redwood__Realistic_LOD3'                    27  'material_8_mat(27),'                 3420 
			 10  'Giant_Sequoia__Realistic_LOD3'                         10  'material_9_mat(10),'                 2744 
			 11  'American_Sycamore__Realistic_LOD3'                     13  'material_10_mat(13),'                2854 
			 12  'Sassafras__Realistic_LOD3'                             32  'material_11_mat(32),'                3648 
			 13  'California_Walnut__Realistic_LOD3'                     19  'material_12_mat(19),'                3664 
			 14  'White_Oak__Realistic_LOD3'                              4  'material_13_mat(4),'                 3074 
			 15  'mesh_CityEngineMaterial'                                1  'CityEngineMaterial_67_mat(1),'          3 
			 16  'mesh_CityEngineMaterial_1'                              1  'CityEngineMaterial_91_mat(1),'         11 
			 17  'mesh_CityEngineMaterial_2'                              1  'CityEngineMaterial_20_mat(1),'         14 
			 18  'mesh_CityEngineMaterial_3'                              1  'CityEngineMaterial_66_mat(1),'         10 
			 19  'mesh_CityEngineMaterial_4'                              1  'CityEngineMaterial_15_mat(1),'         68 
			 20  'mesh_CityEngineMaterial_5'                              1  'CityEngineMaterial_21_mat(1),'         23 
			 21  'mesh_CityEngineMaterial_6'                              1  'CityEngineMaterial_80_mat(1),'         46 
			 22  'mesh_CityEngineMaterial_7'                              1  'CityEngineMaterial_2_mat(1),'          31 
			 23  'mesh_CityEngineMaterial_8'                              1  'CityEngineMaterial_62_mat(1),'          3 
			 24  'mesh_CityEngineMaterial_9'                              1  'CityEngineMaterial_82_mat(1),'         10 
			 25  'mesh_CityEngineMaterial_10'                             1  'CityEngineMaterial_30_mat(1),'         24 
			 26  'mesh_CityEngineMaterial_11'                             1  'CityEngineMaterial_86_mat(1),'         26 
			 27  'mesh_CityEngineMaterial_12'                             1  'CityEngineMaterial_68_mat(1),'          5 
			 28  'mesh_CityEngineMaterial_13'                             1  'CityEngineMaterial_84_mat(1),'          9 
			 29  'mesh_CityEngineMaterial_14'                             1  'CityEngineMaterial_37_mat(1),'         37 
			 30  'mesh_CityEngineMaterial_15'                             1  'CityEngineMaterial_90_mat(1),'          4 
			 31  'mesh_CityEngineMaterial_16'                             1  'CityEngineMaterial_35_mat(1),'          5 
			 32  'mesh_CityEngineMaterial_17'                             1  'CityEngineMaterial_89_mat(1),'         19 
			 33  'mesh_CityEngineMaterial_18'                             1  'CityEngineMaterial_83_mat(1),'          7 
			 34  'mesh_CityEngineMaterial_19'                             1  'CityEngineMaterial_59_mat(1),'         12 
			 35  'mesh_CityEngineMaterial_20'                             1  'CityEngineMaterial_mat(1),'             9 
			 36  'mesh_CityEngineMaterial_21'                             1  'CityEngineMaterial_11_mat(1),'          9 
			 37  'mesh_CityEngineMaterial_22'                             1  'CityEngineMaterial_102_mat(1),'         4 
			 38  'mesh_CityEngineMaterial_23'                             1  'CityEngineMaterial_61_mat(1),'          6 
			 39  'mesh_CityEngineMaterial_24'                             1  'CityEngineMaterial_40_mat(1),'         16 
			 40  'mesh_CityEngineMaterial_25'                             1  'CityEngineMaterial_87_mat(1),'          4 
			 41  'mesh_CityEngineMaterial_26'                             1  'CityEngineMaterial_105_mat(1),'         8 
			 42  'mesh_CityEngineMaterial_27'                             1  'CityEngineMaterial_22_mat(1),'         42 
			 43  'mesh_CityEngineMaterial_28'                             1  'CityEngineMaterial_81_mat(1),'          4 
			 44  'mesh_CityEngineMaterial_29'                             1  'CityEngineMaterial_95_mat(1),'          5 
			 45  'mesh_CityEngineMaterial_30'                             1  'CityEngineMaterial_104_mat(1),'         4 
			 46  'mesh_CityEngineMaterial_31'                             1  'CityEngineMaterial_79_mat(1),'         24 
			 47  'mesh_CityEngineMaterial_32'                             1  'CityEngineMaterial_9_mat(1),'           4 
			 48  'mesh_CityEngineMaterial_33'                             1  'CityEngineMaterial_97_mat(1),'          8 
			 49  'mesh_CityEngineMaterial_34'                             1  'CityEngineMaterial_51_mat(1),'          6 
			 50  'mesh_CityEngineMaterial_35'                             1  'CityEngineMaterial_54_mat(1),'         16 
			 51  'mesh_CityEngineMaterial_36'                             1  'CityEngineMaterial_5_mat(1),'          38 
			 52  'mesh_CityEngineMaterial_37'                             1  'CityEngineMaterial_13_mat(1),'         93 
			 53  'mesh_CityEngineMaterial_38'                             1  'CityEngineMaterial_14_mat(1),'          4 
			 54  'mesh_CityEngineMaterial_39'                             1  'CityEngineMaterial_26_mat(1),'          4 
			 55  'mesh_CityEngineMaterial_40'                             1  'CityEngineMaterial_45_mat(1),'         40 
			 56  'mesh_CityEngineMaterial_41'                             1  'CityEngineMaterial_48_mat(1),'         75 
			 57  'mesh_CityEngineMaterial_42'                             1  'CityEngineMaterial_58_mat(1),'          6 
			 58  'mesh_CityEngineMaterial_43'                             1  'CityEngineMaterial_88_mat(1),'          5 
			 59  'mesh_CityEngineMaterial_44'                             1  'CityEngineMaterial_75_mat(1),'         10 
			 60  'mesh_CityEngineMaterial_45'                             1  'CityEngineMaterial_50_mat(1),'          6 
			 61  'mesh_CityEngineMaterial_46'                             1  'CityEngineMaterial_32_mat(1),'         18 
			 62  'mesh_CityEngineMaterial_47'                             1  'CityEngineMaterial_92_mat(1),'         15 
			 63  'mesh_CityEngineMaterial_48'                             1  'CityEngineMaterial_96_mat(1),'         22 
			 64  'mesh_CityEngineMaterial_49'                             1  'CityEngineMaterial_28_mat(1),'          8 
			 65  'mesh_CityEngineMaterial_50'                             1  'CityEngineMaterial_4_mat(1),'          13 
			 66  'mesh_CityEngineMaterial_51'                             1  'CityEngineMaterial_69_mat(1),'         13 
			 67  'mesh_CityEngineMaterial_52'                             1  'CityEngineMaterial_10_mat(1),'         12 
			 68  'mesh_CityEngineMaterial_53'                             1  'CityEngineMaterial_1_mat(1),'          34 
			 69  'mesh_CityEngineMaterial_54'                             1  'CityEngineMaterial_63_mat(1),'          9 
			 70  'mesh_CityEngineMaterial_55'                             1  'CityEngineMaterial_24_mat(1),'         18 
			 71  'mesh_CityEngineMaterial_56'                             1  'CityEngineMaterial_78_mat(1),'          9 
			 72  'mesh_CityEngineMaterial_57'                             1  'CityEngineMaterial_29_mat(1),'          9 
			 73  'mesh_CityEngineMaterial_58'                             1  'CityEngineMaterial_8_mat(1),'          49 
			 74  'mesh_CityEngineMaterial_59'                             1  'CityEngineMaterial_47_mat(1),'         20 
			 75  'mesh_CityEngineMaterial_60'                             1  'CityEngineMaterial_71_mat(1),'          6 
			 76  'mesh_CityEngineMaterial_61'                             1  'CityEngineMaterial_49_mat(1),'          9 
			 77  'mesh_CityEngineMaterial_62'                             1  'CityEngineMaterial_60_mat(1),'          9 
			 78  'mesh_CityEngineMaterial_63'                             1  'CityEngineMaterial_73_mat(1),'          7 
			 79  'mesh_CityEngineMaterial_64'                             1  'CityEngineMaterial_52_mat(1),'         30 
			 80  'mesh_CityEngineMaterial_65'                             1  'CityEngineMaterial_103_mat(1),'         4 
			 81  'mesh_CityEngineMaterial_66'                             1  'CityEngineMaterial_36_mat(1),'          4 
			 82  'mesh_CityEngineMaterial_67'                             1  'CityEngineMaterial_17_mat(1),'         20 
			 83  'mesh_CityEngineMaterial_68'                             1  'CityEngineMaterial_39_mat(1),'         15 
			 84  'mesh_CityEngineMaterial_69'                             1  'CityEngineMaterial_53_mat(1),'          5 
			 85  'mesh_CityEngineMaterial_70'                             1  'CityEngineMaterial_72_mat(1),'          9 
			 86  'mesh_CityEngineMaterial_71'                             1  'CityEngineMaterial_18_mat(1),'         16 
			 87  'mesh_CityEngineMaterial_72'                             1  'CityEngineMaterial_56_mat(1),'         12 
			 88  'mesh_CityEngineMaterial_73'                             1  'CityEngineMaterial_57_mat(1),'         12 
			 89  'mesh_CityEngineMaterial_74'                             1  'CityEngineMaterial_76_mat(1),'         11 
			 90  'mesh_CityEngineMaterial_75'                             1  'CityEngineMaterial_74_mat(1),'          8 
			 91  'mesh_CityEngineMaterial_76'                             1  'CityEngineMaterial_3_mat(1),'           7 
			 92  'mesh_CityEngineMaterial_77'                             1  'CityEngineMaterial_64_mat(1),'         10 
			 93  'mesh_CityEngineMaterial_78'                             1  'CityEngineMaterial_77_mat(1),'          7 
			 94  'mesh_CityEngineMaterial_79'                             1  'CityEngineMaterial_99_mat(1),'          4 
			 95  'mesh_CityEngineMaterial_80'                             1  'CityEngineMaterial_12_mat(1),'         31 
			 96  'mesh_CityEngineMaterial_81'                             1  'CityEngineMaterial_34_mat(1),'          5 
			 97  'mesh_CityEngineMaterial_82'                             1  'CityEngineMaterial_16_mat(1),'          4 
			 98  'mesh_CityEngineMaterial_83'                             1  'CityEngineMaterial_70_mat(1),'          6 
			 99  'mesh_CityEngineMaterial_84'                             1  'CityEngineMaterial_46_mat(1),'         10 
			100  'mesh_CityEngineMaterial_85'                             1  'CityEngineMaterial_27_mat(1),'         11 
			101  'mesh_CityEngineMaterial_86'                             1  'CityEngineMaterial_44_mat(1),'         10 
			102  'mesh_CityEngineMaterial_87'                             1  'CityEngineMaterial_106_mat(1),'         6 
			103  'mesh_CityEngineMaterial_88'                             1  'CityEngineMaterial_41_mat(1),'         13 
			104  'mesh_CityEngineMaterial_89'                             1  'CityEngineMaterial_43_mat(1),'         47 
			105  'mesh_CityEngineMaterial_90'                             1  'CityEngineMaterial_19_mat(1),'         52 
			106  'mesh_CityEngineMaterial_91'                             1  'CityEngineMaterial_100_mat(1),'         3 
			107  'mesh_CityEngineMaterial_92'                             1  'CityEngineMaterial_25_mat(1),'          4 
			108  'mesh_CityEngineMaterial_93'                             1  'CityEngineMaterial_7_mat(1),'          51 
			109  'mesh_CityEngineMaterial_94'                             1  'CityEngineMaterial_94_mat(1),'          8 
			110  'mesh_CityEngineMaterial_95'                             1  'CityEngineMaterial_42_mat(1),'          8 
			111  'mesh_CityEngineMaterial_96'                             1  'CityEngineMaterial_31_mat(1),'          8 
			112  'mesh_CityEngineMaterial_97'                             1  'CityEngineMaterial_6_mat(1),'          13 
			113  'mesh_CityEngineMaterial_98'                             1  'CityEngineMaterial_55_mat(1),'         12 
			114  'mesh_CityEngineMaterial_99'                             1  'CityEngineMaterial_101_mat(1),'         8 
			115  'mesh_CityEngineMaterial_100'                            1  'CityEngineMaterial_23_mat(1),'         50 
			116  'mesh_CityEngineMaterial_101'                            1  'CityEngineMaterial_65_mat(1),'         11 
			117  'mesh_CityEngineMaterial_102'                            1  'CityEngineMaterial_85_mat(1),'         38 
			118  'mesh_CityEngineMaterial_103'                            1  'CityEngineMaterial_98_mat(1),'          3 
			119  'mesh_CityEngineMaterial_104'                            1  'CityEngineMaterial_93_mat(1),'          5 
			120  'mesh_CityEngineMaterial_105'                            1  'CityEngineMaterial_33_mat(1),'         52 
			121  'mesh_CityEngineMaterial_106'                            1  'CityEngineMaterial_38_mat(1),'         18 
		MATERIAL:
			Total Materials: 121
			    | Name                       | Texture_0                       | Texture_1                     
			====+============================+=================================+===============================
			  1  'material_mat'               'CastaneaDentata_0.png'           'CastaneaDentata_0.png'        
			  2  'material_1_mat'             'CaryaOvalis_0.png'               'CaryaOvalis_0.png'            
			  3  'material_2_mat'             'MagnoliaGrandiflora_0.png'       'MagnoliaGrandiflora_0.png'    
			  4  'material_3_mat'             'AcerSaccharum_0.png'             'AcerSaccharum_0.png'          
			  5  'material_4_mat'             'QuercusRubra_0.png'              'QuercusRubra_0.png'           
			  6  'material_5_mat'             'PinusSylvestris_0.png'           'PinusSylvestris_0.png'        
			  7  'material_6_mat'             'PseudotsugaMenziesii_0.png'      'PseudotsugaMenziesii_0.png'   
			  8  'material_7_mat'             'PinusContorta_0.png'             'PinusContorta_0.png'          
			  9  'material_8_mat'             'SequoiaSempervirens_0.png'       'SequoiaSempervirens_0.png'    
			 10  'material_9_mat'             'SequoiadendronGiganteum_0.png'   'SequoiadendronGiganteum_0.png'
			 11  'material_10_mat'            'PlatanusOccidentalis_0.png'      'PlatanusOccidentalis_0.png'   
			 12  'material_11_mat'            'SassafrasAlbidum_0.png'          'SassafrasAlbidum_0.png'       
			 13  'material_12_mat'            'JuglansRegia_0.png'              'JuglansRegia_0.png'           
			 14  'material_13_mat'            'QuercusAlba_0.png'               'QuercusAlba_0.png'            
			 15  'CityEngineMaterial_67_mat'  'g_f001_t006_Residential_005.jpg' ''                             
			 16  'CityEngineMaterial_91_mat'  'g_f001_t005_Residential_003.jpg' ''                             
			 17  'CityEngineMaterial_20_mat'  'g_f001_t003_Residential_008.jpg' ''                             
			 18  'CityEngineMaterial_66_mat'  'g_f001_t006_Residential_028.jpg' ''                             
			 19  'CityEngineMaterial_15_mat'  'u_f002_t003_Residential_000.jpg' ''                             
			 20  'CityEngineMaterial_21_mat'  'g_f001_t006_Residential_009.jpg' ''                             
			 21  'CityEngineMaterial_80_mat'  'u_f002_t004_Residential_003.jpg' ''                             
			 22  'CityEngineMaterial_2_mat'   'ceramicRoof_3.jpg'               'ceramicRoof_3.jpg'            
			 23  'CityEngineMaterial_62_mat'  'g_f001_t006_Residential_032.jpg' ''                             
			 24  'CityEngineMaterial_82_mat'  'g_f001_t003_Residential_004.jpg' ''                             
			 25  'CityEngineMaterial_30_mat'  'u_f002_t002_Residential_004.jpg' ''                             
			 26  'CityEngineMaterial_86_mat'  'u_f002_t003_Residential_005.jpg' ''                             
			 27  'CityEngineMaterial_68_mat'  'u_f003_t004_Other_000.jpg'       ''                             
			 28  'CityEngineMaterial_84_mat'  'g_f001_t006_Residential_003.jpg' ''                             
			 29  'CityEngineMaterial_37_mat'  'u_f002_t004_Residential_000.jpg' ''                             
			 30  'CityEngineMaterial_90_mat'  'g_f001_t006_Service_003.jpg'     ''                             
			 31  'CityEngineMaterial_35_mat'  'u_f003_t001_Assembly_000.jpg'    ''                             
			 32  'CityEngineMaterial_89_mat'  'u_f002_t002_Residential_009.jpg' ''                             
			 33  'CityEngineMaterial_83_mat'  'g_f001_t006_Residential_001.jpg' ''                             
			 34  'CityEngineMaterial_59_mat'  'g_f001_t003_Residential_011.jpg' ''                             
			 35  'CityEngineMaterial_mat'     'g_f001_t001_Residential_000.jpg' ''                             
			 36  'CityEngineMaterial_11_mat'  'g_f001_t021_Residential_000.jpg' ''                             
			 37  'CityEngineMaterial_102_mat' 'u_f002_t002_Residential_007.jpg' ''                             
			 38  'CityEngineMaterial_61_mat'  'g_f001_t003_Residential_013.jpg' ''                             
			 39  'CityEngineMaterial_40_mat'  'g_f002_t002_Residential_000.jpg' ''                             
			 40  'CityEngineMaterial_87_mat'  'g_f002_t006_Residential_002.jpg' ''                             
			 41  'CityEngineMaterial_105_mat' 'u_f002_t002_Residential_003.jpg' ''                             
			 42  'CityEngineMaterial_22_mat'  'u_f004_t004_Residential_000.jpg' ''                             
			 43  'CityEngineMaterial_81_mat'  'g_f002_t006_Residential_001.jpg' ''                             
			 44  'CityEngineMaterial_95_mat'  'g_f001_t006_Service_002.jpg'     ''                             
			 45  'CityEngineMaterial_104_mat' 'g_f001_t006_Service_001.jpg'     ''                             
			 46  'CityEngineMaterial_79_mat'  'u_f002_t003_Office_000.jpg'      ''                             
			 47  'CityEngineMaterial_9_mat'   'g_f001_t003_Residential_005.jpg' ''                             
			 48  'CityEngineMaterial_97_mat'  'u_f002_t002_Residential_001.jpg' ''                             
			 49  'CityEngineMaterial_51_mat'  'g_f001_t006_Service_005.jpg'     ''                             
			 50  'CityEngineMaterial_54_mat'  'g_f001_t006_Residential_035.jpg' ''                             
			 51  'CityEngineMaterial_5_mat'   'ceramicRoof_1.jpg'               'ceramicRoof_1.jpg'            
			 52  'CityEngineMaterial_13_mat'  'ceramicRoof_2.jpg'               'ceramicRoof_2.jpg'            
			 53  'CityEngineMaterial_14_mat'  'g_f001_t003_Residential_001.jpg' ''                             
			 54  'CityEngineMaterial_26_mat'  'g_f001_t006_Service_010.jpg'     ''                             
			 55  'CityEngineMaterial_45_mat'  'u_f002_t004_Residential_001.jpg' ''                             
			 56  'CityEngineMaterial_48_mat'  'ceramicRoof_7.jpg'               'ceramicRoof_7.jpg'            
			 57  'CityEngineMaterial_58_mat'  'g_f001_t003_Residential_009.jpg' ''                             
			 58  'CityEngineMaterial_88_mat'  'g_f001_t002_Residential_000.jpg' ''                             
			 59  'CityEngineMaterial_75_mat'  'g_f001_t004_Residential_002.jpg' ''                             
			 60  'CityEngineMaterial_50_mat'  'u_f002_t002_Residential_010.jpg' ''                             
			 61  'CityEngineMaterial_32_mat'  'u_f003_t005_Residential_001.jpg' ''                             
			 62  'CityEngineMaterial_92_mat'  'g_f001_t003_Residential_002.jpg' ''                             
			 63  'CityEngineMaterial_96_mat'  'u_f002_t003_Residential_003.jpg' ''                             
			 64  'CityEngineMaterial_28_mat'  'u_f003_t003_Residential_001.jpg' ''                             
			 65  'CityEngineMaterial_4_mat'   'u_f003_t002_Residential_003.jpg' ''                             
			 66  'CityEngineMaterial_69_mat'  'g_f002_t006_Residential_007.jpg' ''                             
			 67  'CityEngineMaterial_10_mat'  'u_f003_t003_Residential_005.jpg' ''                             
			 68  'CityEngineMaterial_1_mat'   'u_f003_t003_Residential_003.jpg' ''                             
			 69  'CityEngineMaterial_63_mat'  'g_f001_t004_Residential_000.jpg' ''                             
			 70  'CityEngineMaterial_24_mat'  'g_f001_t006_Residential_034.jpg' ''                             
			 71  'CityEngineMaterial_78_mat'  'g_f001_t003_Residential_012.jpg' ''                             
			 72  'CityEngineMaterial_29_mat'  'g_f001_t007_Residential_000.jpg' ''                             
			 73  'CityEngineMaterial_8_mat'   'ceramicRoof_4.jpg'               'ceramicRoof_4.jpg'            
			 74  'CityEngineMaterial_47_mat'  'u_f002_t003_Public_000.jpg'      ''                             
			 75  'CityEngineMaterial_71_mat'  'u_f003_t001_Residential_000.jpg' ''                             
			 76  'CityEngineMaterial_49_mat'  'g_f001_t002_Residential_003.jpg' ''                             
			 77  'CityEngineMaterial_60_mat'  'g_f001_t006_Residential_023.jpg' ''                             
			 78  'CityEngineMaterial_73_mat'  'g_f001_t005_Residential_000.jpg' ''                             
			 79  'CityEngineMaterial_52_mat'  'u_f003_t004_Public_000.jpg'      ''                             
			 80  'CityEngineMaterial_103_mat' 'g_f001_t004_Residential_001.jpg' ''                             
			 81  'CityEngineMaterial_36_mat'  'g_f001_t004_Residential_003.jpg' ''                             
			 82  'CityEngineMaterial_17_mat'  'u_f003_t003_Residential_004.jpg' ''                             
			 83  'CityEngineMaterial_39_mat'  'u_f003_t008_Residential_000.jpg' ''                             
			 84  'CityEngineMaterial_53_mat'  'g_f001_t006_Service_004.jpg'     ''                             
			 85  'CityEngineMaterial_72_mat'  'g_f001_t006_Residential_004.jpg' ''                             
			 86  'CityEngineMaterial_18_mat'  'g_f001_t003_Residential_007.jpg' ''                             
			 87  'CityEngineMaterial_56_mat'  'g_f001_t006_Residential_010.jpg' ''                             
			 88  'CityEngineMaterial_57_mat'  'g_f001_t006_Residential_006.jpg' ''                             
			 89  'CityEngineMaterial_76_mat'  'g_f002_t006_Residential_006.jpg' ''                             
			 90  'CityEngineMaterial_74_mat'  'g_f001_t005_Residential_001.jpg' ''                             
			 91  'CityEngineMaterial_3_mat'   'g_f001_t006_Residential_031.jpg' ''                             
			 92  'CityEngineMaterial_64_mat'  'u_f003_t005_Residential_000.jpg' ''                             
			 93  'CityEngineMaterial_77_mat'  'u_f003_t003_Residential_002.jpg' ''                             
			 94  'CityEngineMaterial_99_mat'  'g_f001_t006_Service_007.jpg'     ''                             
			 95  'CityEngineMaterial_12_mat'  'u_f002_t002_Residential_006.jpg' ''                             
			 96  'CityEngineMaterial_34_mat'  'g_f001_t006_Service_013.jpg'     ''                             
			 97  'CityEngineMaterial_16_mat'  'g_f001_t003_Residential_000.jpg' ''                             
			 98  'CityEngineMaterial_70_mat'  'g_f001_t006_Residential_026.jpg' ''                             
			 99  'CityEngineMaterial_46_mat'  'g_f001_t006_Residential_018.jpg' ''                             
			100  'CityEngineMaterial_27_mat'  'g_f002_t006_Residential_000.jpg' ''                             
			101  'CityEngineMaterial_44_mat'  'g_f001_t005_Residential_002.jpg' ''                             
			102  'CityEngineMaterial_106_mat' 'g_f001_t006_Residential_036.jpg' ''                             
			103  'CityEngineMaterial_41_mat'  'g_f001_t006_Residential_008.jpg' ''                             
			104  'CityEngineMaterial_43_mat'  'u_f002_t004_Residential_006.jpg' ''                             
			105  'CityEngineMaterial_19_mat'  'u_f003_t004_Residential_000.jpg' ''                             
			106  'CityEngineMaterial_100_mat' 'g_f001_t006_Residential_015.jpg' ''                             
			107  'CityEngineMaterial_25_mat'  'g_f001_t003_Residential_003.jpg' ''                             
			108  'CityEngineMaterial_7_mat'   'u_f003_t004_Residential_001.jpg' ''                             
			109  'CityEngineMaterial_94_mat'  'u_f002_t001_Industry_000.jpg'    ''                             
			110  'CityEngineMaterial_42_mat'  'g_f001_t006_Residential_007.jpg' ''                             
			111  'CityEngineMaterial_31_mat'  'g_f001_t004_Residential_004.jpg' ''                             
			112  'CityEngineMaterial_6_mat'   'g_f001_t003_Residential_010.jpg' ''                             
			113  'CityEngineMaterial_55_mat'  'u_f003_t003_Residential_000.jpg' ''                             
			114  'CityEngineMaterial_101_mat' 'g_f001_t006_Residential_029.jpg' ''                             
			115  'CityEngineMaterial_23_mat'  'ceramicRoof_6.jpg'               'ceramicRoof_6.jpg'            
			116  'CityEngineMaterial_65_mat'  'g_f001_t006_Residential_033.jpg' ''                             
			117  'CityEngineMaterial_85_mat'  'u_f002_t004_Residential_005.jpg' ''                             
			118  'CityEngineMaterial_98_mat'  'g_f001_t007_Mercantile_001.jpg'  ''                             
			119  'CityEngineMaterial_93_mat'  'g_f001_t007_Educational_000.jpg' ''                             
			120  'CityEngineMaterial_33_mat'  'ceramicRoof_5.jpg'               'ceramicRoof_5.jpg'            
			121  'CityEngineMaterial_38_mat'  'g_f001_t006_Residential_002.jpg' ''                             